正在执行...
2020-10-29T03:16:01.818+0800: [GC (Allocation Failure)  279616K->89215K(1013632K), 0.0250620 secs]
2020-10-29T03:16:01.885+0800: [GC (Allocation Failure)  368831K->161785K(1013632K), 0.0286113 secs]
2020-10-29T03:16:01.953+0800: [GC (Allocation Failure)  441401K->249491K(1013632K), 0.0266748 secs]
2020-10-29T03:16:02.017+0800: [GC (Allocation Failure)  529107K->326904K(1013632K), 0.0239557 secs]
2020-10-29T03:16:02.078+0800: [GC (Allocation Failure)  606520K->410701K(1013632K), 0.0254034 secs]
2020-10-29T03:16:02.141+0800: [GC (Allocation Failure)  690317K->485189K(1013632K), 0.0230190 secs]
2020-10-29T03:16:02.201+0800: [GC (Allocation Failure)  764805K->562126K(1013632K), 0.0245721 secs]
2020-10-29T03:16:02.263+0800: [GC (Allocation Failure)  841656K->646899K(1013632K), 0.0260605 secs]
2020-10-29T03:16:02.325+0800: [Full GC (Allocation Failure)  926515K->378384K(1013632K), 0.0364116 secs]
2020-10-29T03:16:02.396+0800: [GC (Allocation Failure)  658000K->467667K(1013632K), 0.0084931 secs]
2020-10-29T03:16:02.443+0800: [GC (Allocation Failure)  747283K->546525K(1013632K), 0.0107472 secs]
2020-10-29T03:16:02.490+0800: [GC (Allocation Failure)  826141K->623117K(1013632K), 0.0108980 secs]
2020-10-29T03:16:02.538+0800: [GC (Allocation Failure)  902733K->696652K(1013632K), 0.0185493 secs]
2020-10-29T03:16:02.595+0800: [Full GC (Allocation Failure)  976268K->390706K(1013632K), 0.0388762 secs]
2020-10-29T03:16:02.669+0800: [GC (Allocation Failure)  670322K->480589K(1013632K), 0.0087062 secs]
2020-10-29T03:16:02.714+0800: [GC (Allocation Failure)  759977K->551909K(1013632K), 0.0101369 secs]
执行结束!共生成对象次数:17020
