正在执行...
2020-10-29T03:16:09.604+0800: [GC (Allocation Failure)  34860K->10538K(126720K), 0.0019518 secs]
2020-10-29T03:16:09.616+0800: [GC (Allocation Failure)  45414K->20043K(126720K), 0.0024689 secs]
2020-10-29T03:16:09.627+0800: [GC (Allocation Failure)  54987K->30697K(126720K), 0.0037497 secs]
2020-10-29T03:16:09.636+0800: [GC (Allocation Failure)  65615K->45586K(126720K), 0.0053528 secs]
2020-10-29T03:16:09.647+0800: [GC (Allocation Failure)  80492K->55831K(126720K), 0.0039518 secs]
2020-10-29T03:16:09.651+0800: [GC (CMS Initial Mark)  56179K(126720K), 0.0005371 secs]
2020-10-29T03:16:09.658+0800: [GC (Allocation Failure)  90770K->69111K(126720K), 0.0056287 secs]
2020-10-29T03:16:09.668+0800: [GC (Allocation Failure)  104050K->82025K(126720K), 0.0048435 secs]
2020-10-29T03:16:09.679+0800: [Full GC (Allocation Failure)  116591K->81656K(126720K), 0.0093213 secs]
2020-10-29T03:16:09.695+0800: [Full GC (Allocation Failure)  116391K->89370K(126720K), 0.0080960 secs]
2020-10-29T03:16:09.703+0800: [GC (CMS Initial Mark)  90319K(126720K), 0.0002705 secs]
2020-10-29T03:16:09.705+0800: [GC (CMS Final Remark)  95401K(126720K), 0.0008045 secs]
2020-10-29T03:16:09.711+0800: [Full GC (Allocation Failure)  126157K->98344K(126720K), 0.0082276 secs]
2020-10-29T03:16:09.719+0800: [GC (CMS Initial Mark)  98716K(126720K), 0.0002581 secs]
2020-10-29T03:16:09.720+0800: [GC (CMS Final Remark)  103168K(126720K), 0.0008223 secs]
2020-10-29T03:16:09.725+0800: [Full GC (Allocation Failure)  126498K->106320K(126720K), 0.0076136 secs]
2020-10-29T03:16:09.733+0800: [GC (CMS Initial Mark)  107050K(126720K), 0.0002729 secs]
2020-10-29T03:16:09.735+0800: [GC (CMS Final Remark)  111502K(126720K), 0.0008064 secs]
2020-10-29T03:16:09.739+0800: [Full GC (Allocation Failure)  126268K->110851K(126720K), 0.0078725 secs]
2020-10-29T03:16:09.747+0800: [GC (CMS Initial Mark)  110995K(126720K), 0.0002611 secs]
2020-10-29T03:16:09.748+0800: [GC (CMS Final Remark)  115660K(126720K), 0.0007465 secs]
2020-10-29T03:16:09.751+0800: [Full GC (Allocation Failure)  126706K->113988K(126720K), 0.0073335 secs]
2020-10-29T03:16:09.759+0800: [GC (CMS Initial Mark)  114950K(126720K), 0.0002811 secs]
2020-10-29T03:16:09.760+0800: [GC (CMS Final Remark)  119032K(126720K), 0.0012953 secs]
2020-10-29T03:16:09.763+0800: [Full GC (Allocation Failure)  126436K->117292K(126720K), 0.0091593 secs]
2020-10-29T03:16:09.772+0800: [GC (CMS Initial Mark)  117974K(126720K), 0.0003236 secs]
2020-10-29T03:16:09.774+0800: [GC (CMS Final Remark)  122650K(126720K), 0.0007262 secs]
2020-10-29T03:16:09.775+0800: [Full GC (Allocation Failure)  126087K->118771K(126720K), 0.0088752 secs]
2020-10-29T03:16:09.784+0800: [GC (CMS Initial Mark)  119703K(126720K), 0.0002674 secs]
2020-10-29T03:16:09.785+0800: [Full GC (Allocation Failure)  126514K->121724K(126720K), 0.0051302 secs]
2020-10-29T03:16:09.792+0800: [Full GC (Allocation Failure)  126649K->122771K(126720K), 0.0022267 secs]
2020-10-29T03:16:09.794+0800: [GC (CMS Initial Mark)  123032K(126720K), 0.0002668 secs]
2020-10-29T03:16:09.795+0800: [Full GC (Allocation Failure)  126448K->123062K(126720K), 0.0061078 secs]
2020-10-29T03:16:09.802+0800: [Full GC (Allocation Failure)  126432K->123677K(126720K), 0.0065239 secs]
2020-10-29T03:16:09.809+0800: [GC (CMS Initial Mark)  124324K(126720K), 0.0002980 secs]
2020-10-29T03:16:09.810+0800: [Full GC (Allocation Failure)  126418K->124731K(126720K), 0.0042030 secs]
2020-10-29T03:16:09.815+0800: [Full GC (Allocation Failure)  126280K->124826K(126720K), 0.0012525 secs]
2020-10-29T03:16:09.816+0800: [GC (CMS Initial Mark)  125313K(126720K), 0.0002626 secs]
2020-10-29T03:16:09.818+0800: [Full GC (Allocation Failure)  126579K->125611K(126720K), 0.0048047 secs]
2020-10-29T03:16:09.824+0800: [Full GC (Allocation Failure)  126488K->125611K(126720K), 0.0012432 secs]
2020-10-29T03:16:09.825+0800: [GC (CMS Initial Mark)  126051K(126720K), 0.0002503 secs]
2020-10-29T03:16:09.827+0800: [Full GC (Allocation Failure)  126267K->125763K(126720K), 0.0064658 secs]
2020-10-29T03:16:09.834+0800: [Full GC (Allocation Failure)  126437K->125747K(126720K), 0.0047236 secs]
2020-10-29T03:16:09.839+0800: [GC (CMS Initial Mark)  126101K(126720K), 0.0002781 secs]
2020-10-29T03:16:09.840+0800: [Full GC (Allocation Failure)  126377K->126194K(126720K), 0.0010950 secs]
2020-10-29T03:16:09.842+0800: [Full GC (Allocation Failure)  126194K->126175K(126720K), 0.0058054 secs]
