正在执行...
2020-10-29T03:16:06.416+0800: [GC (Allocation Failure)  262144K->82769K(1005056K), 0.0083637 secs]
2020-10-29T03:16:06.460+0800: [GC (Allocation Failure)  344913K->160333K(1005056K), 0.0099539 secs]
2020-10-29T03:16:06.507+0800: [GC (Allocation Failure)  422477K->229987K(1005056K), 0.0089695 secs]
2020-10-29T03:16:06.550+0800: [GC (Allocation Failure)  492131K->308549K(1005056K), 0.0099424 secs]
2020-10-29T03:16:06.595+0800: [GC (Allocation Failure)  570693K->374011K(1005056K), 0.0088592 secs]
2020-10-29T03:16:06.637+0800: [GC (Allocation Failure)  636155K->445281K(859648K), 0.0102934 secs]
2020-10-29T03:16:06.663+0800: [GC (Allocation Failure)  562017K->477888K(932352K), 0.0059128 secs]
2020-10-29T03:16:06.685+0800: [GC (Allocation Failure)  594599K->511340K(932352K), 0.0084416 secs]
2020-10-29T03:16:06.708+0800: [GC (Allocation Failure)  627881K->539883K(932352K), 0.0088709 secs]
2020-10-29T03:16:06.731+0800: [GC (Allocation Failure)  656619K->568664K(932352K), 0.0102495 secs]
2020-10-29T03:16:06.757+0800: [GC (Allocation Failure)  685400K->596666K(932352K), 0.0089301 secs]
2020-10-29T03:16:06.782+0800: [GC (Allocation Failure)  713164K->630360K(932352K), 0.0063357 secs]
2020-10-29T03:16:06.803+0800: [GC (Allocation Failure)  747096K->667597K(932352K), 0.0064464 secs]
2020-10-29T03:16:06.810+0800: [Full GC (Ergonomics)  667597K->333238K(932352K), 0.0457262 secs]
2020-10-29T03:16:06.870+0800: [GC (Allocation Failure)  449974K->373402K(932352K), 0.0037254 secs]
2020-10-29T03:16:06.891+0800: [GC (Allocation Failure)  490122K->407809K(932352K), 0.0056960 secs]
2020-10-29T03:16:06.911+0800: [GC (Allocation Failure)  524320K->444363K(932352K), 0.0055765 secs]
2020-10-29T03:16:06.932+0800: [GC (Allocation Failure)  561099K->481604K(932352K), 0.0060446 secs]
2020-10-29T03:16:06.953+0800: [GC (Allocation Failure)  598340K->517698K(932352K), 0.0063219 secs]
2020-10-29T03:16:06.975+0800: [GC (Allocation Failure)  634434K->543726K(932352K), 0.0054492 secs]
2020-10-29T03:16:06.995+0800: [GC (Allocation Failure)  660462K->575733K(932352K), 0.0058358 secs]
2020-10-29T03:16:07.017+0800: [GC (Allocation Failure)  692261K->612769K(932352K), 0.0060816 secs]
2020-10-29T03:16:07.039+0800: [GC (Allocation Failure)  729505K->650923K(932352K), 0.0063096 secs]
2020-10-29T03:16:07.060+0800: [GC (Allocation Failure)  767659K->688414K(932352K), 0.0064413 secs]
2020-10-29T03:16:07.066+0800: [Full GC (Ergonomics)  688414K->372191K(932352K), 0.0287087 secs]
2020-10-29T03:16:07.109+0800: [GC (Allocation Failure)  488927K->411634K(932352K), 0.0035783 secs]
2020-10-29T03:16:07.129+0800: [GC (Allocation Failure)  528370K->446657K(932352K), 0.0056504 secs]
2020-10-29T03:16:07.149+0800: [GC (Allocation Failure)  563393K->480377K(936960K), 0.0058242 secs]
2020-10-29T03:16:07.172+0800: [GC (Allocation Failure)  602233K->520013K(932864K), 0.0066261 secs]
2020-10-29T03:16:07.193+0800: [GC (Allocation Failure)  641869K->552827K(945152K), 0.0057518 secs]
2020-10-29T03:16:07.216+0800: [GC (Allocation Failure)  691579K->595273K(941568K), 0.0062050 secs]
2020-10-29T03:16:07.240+0800: [GC (Allocation Failure)  734025K->635774K(954880K), 0.0068534 secs]
2020-10-29T03:16:07.267+0800: [GC (Allocation Failure)  792958K->679573K(950272K), 0.0072122 secs]
2020-10-29T03:16:07.294+0800: [GC (Allocation Failure)  836757K->725955K(961536K), 0.0075964 secs]
2020-10-29T03:16:07.301+0800: [Full GC (Ergonomics)  725955K->377376K(961536K), 0.0327235 secs]
执行结束!共生成对象次数:17983
