正在执行...
2020-10-28T23:11:25.763+0800: [GC (Allocation Failure)  34780K->11784K(126720K), 0.0041661 secs]
2020-10-28T23:11:25.792+0800: [GC (Allocation Failure)  46728K->24929K(126720K), 0.0057285 secs]
2020-10-28T23:11:25.809+0800: [GC (Allocation Failure)  59873K->37162K(126720K), 0.0043613 secs]
2020-10-28T23:11:25.829+0800: [GC (Allocation Failure)  71616K->50136K(126720K), 0.0047810 secs]
2020-10-28T23:11:25.847+0800: [GC (Allocation Failure)  85080K->60958K(126720K), 0.0038903 secs]
2020-10-28T23:11:25.891+0800: [GC (Allocation Failure)  95863K->73412K(126720K), 0.0048425 secs]
2020-10-28T23:11:25.901+0800: [GC (Allocation Failure)  108151K->85930K(126720K), 0.0044311 secs]
2020-10-28T23:11:25.942+0800: [Full GC (Allocation Failure)  120803K->94678K(126720K), 0.0101976 secs]
2020-10-28T23:11:25.972+0800: [Full GC (Allocation Failure)  125493K->101837K(126720K), 0.0116966 secs]
2020-10-28T23:11:25.990+0800: [Full GC (Allocation Failure)  126418K->111042K(126720K), 0.0345295 secs]
2020-10-28T23:11:26.027+0800: [Full GC (Allocation Failure)  126694K->111095K(126720K), 0.0242977 secs]
2020-10-28T23:11:26.054+0800: [Full GC (Allocation Failure)  126674K->115025K(126720K), 0.0016515 secs]
2020-10-28T23:11:26.059+0800: [Full GC (Allocation Failure)  126647K->120274K(126720K), 0.0022788 secs]
2020-10-28T23:11:26.068+0800: [Full GC (Allocation Failure)  126335K->120960K(126720K), 0.0183614 secs]
2020-10-28T23:11:26.087+0800: [Full GC (Allocation Failure)  126690K->119279K(126720K), 0.0238278 secs]
2020-10-28T23:11:26.125+0800: [Full GC (Allocation Failure)  126533K->119933K(126720K), 0.0031458 secs]
2020-10-28T23:11:26.136+0800: [Full GC (Allocation Failure)  126667K->122551K(126720K), 0.0031528 secs]
2020-10-28T23:11:26.152+0800: [Full GC (Allocation Failure)  126650K->123453K(126720K), 0.0027910 secs]
2020-10-28T23:11:26.155+0800: [Full GC (Allocation Failure)  126672K->122434K(126720K), 0.0522224 secs]
2020-10-28T23:11:26.215+0800: [Full GC (Allocation Failure)  126638K->123824K(126720K), 0.0015101 secs]
2020-10-28T23:11:26.223+0800: [Full GC (Allocation Failure)  126663K->125075K(126720K), 0.0096361 secs]
2020-10-28T23:11:26.237+0800: [Full GC (Allocation Failure)  126664K->125380K(126720K), 0.0014015 secs]
2020-10-28T23:11:26.247+0800: [Full GC (Allocation Failure)  126653K->125010K(126720K), 0.0199216 secs]
2020-10-28T23:11:26.268+0800: [Full GC (Allocation Failure)  126610K->125283K(126720K), 0.0150690 secs]
2020-10-28T23:11:26.283+0800: [Full GC (Allocation Failure)  126219K->125380K(126720K), 0.0015408 secs]
2020-10-28T23:11:26.285+0800: [Full GC (Allocation Failure)  126330K->125888K(126720K), 0.0009270 secs]
2020-10-28T23:11:26.286+0800: [Full GC (Allocation Failure)  126650K->125360K(126720K), 0.0293787 secs]
2020-10-28T23:11:26.322+0800: [Full GC (Allocation Failure)  126581K->125875K(126720K), 0.0029714 secs]
2020-10-28T23:11:26.325+0800: [Full GC (Allocation Failure)  126419K->126111K(126720K), 0.0102640 secs]
2020-10-28T23:11:26.335+0800: [Full GC (Allocation Failure)  126404K->126111K(126720K), 0.0008640 secs]
2020-10-28T23:11:26.336+0800: [Full GC (Allocation Failure)  126554K->125902K(126720K), 0.0008280 secs]
2020-10-28T23:11:26.337+0800: [Full GC (Allocation Failure)  126568K->126182K(126720K), 0.0008551 secs]
2020-10-28T23:11:26.339+0800: [Full GC (Allocation Failure)  126631K->126398K(126720K), 0.0008515 secs]
2020-10-28T23:11:26.340+0800: [Full GC (Allocation Failure)  126566K->126278K(126720K), 0.0012956 secs]
2020-10-28T23:11:26.341+0800: [Full GC (Allocation Failure)  126278K->125979K(126720K), 0.0370867 secs]
