正在执行...
2020-10-29T11:34:28.953+0800: [GC (Allocation Failure)  139776K->45076K(506816K), 0.0061024 secs]
2020-10-29T11:34:28.980+0800: [GC (Allocation Failure)  184743K->90013K(506816K), 0.0066408 secs]
2020-10-29T11:34:29.007+0800: [GC (Allocation Failure)  229789K->135154K(506816K), 0.0151539 secs]
2020-10-29T11:34:29.041+0800: [GC (Allocation Failure)  274789K->177577K(506816K), 0.0143195 secs]
2020-10-29T11:34:29.076+0800: [GC (Allocation Failure)  317353K->221814K(506816K), 0.0147857 secs]
2020-10-29T11:34:29.091+0800: [GC (CMS Initial Mark)  222189K(506816K), 0.0003689 secs]
2020-10-29T11:34:29.110+0800: [GC (Allocation Failure)  361590K->264111K(506816K), 0.0151321 secs]
2020-10-29T11:34:29.143+0800: [GC (Allocation Failure)  403887K->312381K(506816K), 0.0168437 secs]
2020-10-29T11:34:29.177+0800: [GC (Allocation Failure)  452157K->352509K(506816K), 0.0153509 secs]
2020-10-29T11:34:29.193+0800: [GC (CMS Final Remark)  355433K(506816K), 0.0010538 secs]
2020-10-29T11:34:29.212+0800: [GC (Allocation Failure)  454037K->359063K(506816K), 0.0087622 secs]
2020-10-29T11:34:29.220+0800: [GC (CMS Initial Mark)  359207K(506816K), 0.0002743 secs]
2020-10-29T11:34:29.222+0800: [GC (CMS Final Remark)  372742K(506816K), 0.0014023 secs]
2020-10-29T11:34:29.240+0800: [GC (Allocation Failure)  395907K->304972K(506816K), 0.0080068 secs]
2020-10-29T11:34:29.249+0800: [GC (CMS Initial Mark)  305116K(506816K), 0.0002321 secs]
2020-10-29T11:34:29.267+0800: [GC (Allocation Failure)  444748K->350165K(506816K), 0.0075725 secs]
2020-10-29T11:34:29.275+0800: [GC (CMS Final Remark)  350560K(506816K), 0.0008134 secs]
2020-10-29T11:34:29.294+0800: [GC (Allocation Failure)  456921K->360982K(506816K), 0.0086461 secs]
2020-10-29T11:34:29.303+0800: [GC (CMS Initial Mark)  363819K(506816K), 0.0002323 secs]
2020-10-29T11:34:29.304+0800: [GC (CMS Final Remark)  374363K(506816K), 0.0011456 secs]
2020-10-29T11:34:29.322+0800: [GC (Allocation Failure)  430867K->335128K(506816K), 0.0071410 secs]
2020-10-29T11:34:29.329+0800: [GC (CMS Initial Mark)  338354K(506816K), 0.0003019 secs]
2020-10-29T11:34:29.348+0800: [Full GC (Allocation Failure)  474715K->315154K(506816K), 0.0334840 secs]
2020-10-29T11:34:29.401+0800: [GC (Allocation Failure)  454930K->363609K(506816K), 0.0060978 secs]
2020-10-29T11:34:29.407+0800: [GC (CMS Initial Mark)  366671K(506816K), 0.0002511 secs]
2020-10-29T11:34:29.409+0800: [GC (CMS Final Remark)  378236K(506816K), 0.0009178 secs]
2020-10-29T11:34:29.427+0800: [GC (Allocation Failure)  466693K->363668K(506816K), 0.0069964 secs]
2020-10-29T11:34:29.434+0800: [GC (CMS Initial Mark)  364404K(506816K), 0.0002318 secs]
2020-10-29T11:34:29.436+0800: [GC (CMS Final Remark)  378646K(506816K), 0.0009092 secs]
2020-10-29T11:34:29.454+0800: [Full GC (Allocation Failure)  468043K->330249K(506816K), 0.0355917 secs]
2020-10-29T11:34:29.490+0800: [GC (CMS Initial Mark)  333684K(506816K), 0.0002722 secs]
2020-10-29T11:34:29.508+0800: [Full GC (Allocation Failure)  469798K->346515K(506816K), 0.0354392 secs]
2020-10-29T11:34:29.564+0800: [Full GC (Allocation Failure)  486291K->351041K(506816K), 0.0367912 secs]
2020-10-29T11:34:29.601+0800: [GC (CMS Initial Mark)  351158K(506816K), 0.0002492 secs]
2020-10-29T11:34:29.603+0800: [GC (CMS Final Remark)  370150K(506816K), 0.0009246 secs]
2020-10-29T11:34:29.623+0800: [Full GC (Allocation Failure)  505729K->355400K(506816K), 0.0373093 secs]
2020-10-29T11:34:29.661+0800: [GC (CMS Initial Mark)  356060K(506816K), 0.0002903 secs]
2020-10-29T11:34:29.663+0800: [GC (CMS Final Remark)  371254K(506816K), 0.0009502 secs]
2020-10-29T11:34:29.683+0800: [Full GC (Allocation Failure)  506376K->355361K(506816K), 0.0376573 secs]
2020-10-29T11:34:29.721+0800: [GC (CMS Initial Mark)  358786K(506816K), 0.0002747 secs]
2020-10-29T11:34:29.723+0800: [GC (CMS Final Remark)  372898K(506816K), 0.0007936 secs]
2020-10-29T11:34:29.742+0800: [Full GC (Allocation Failure)  506093K->359446K(506816K), 0.0375000 secs]
2020-10-29T11:34:29.781+0800: [GC (CMS Initial Mark)  362453K(506816K), 0.0003432 secs]
2020-10-29T11:34:29.783+0800: [GC (CMS Final Remark)  375869K(506816K), 0.0009209 secs]
2020-10-29T11:34:29.802+0800: [Full GC (Allocation Failure)  506712K->357661K(506816K), 0.0371714 secs]
2020-10-29T11:34:29.840+0800: [GC (CMS Initial Mark)  360920K(506816K), 0.0003254 secs]
2020-10-29T11:34:29.842+0800: [GC (CMS Final Remark)  374704K(506816K), 0.0009573 secs]
2020-10-29T11:34:29.862+0800: [Full GC (Allocation Failure)  506431K->362368K(506816K), 0.0368140 secs]
2020-10-29T11:34:29.899+0800: [GC (CMS Initial Mark)  363101K(506816K), 0.0002860 secs]
执行结束!共生成对象次数:12922
