正在执行...
2020-10-29T11:34:30.046+0800: [GC (Allocation Failure)  279616K->86533K(1013632K), 0.0085955 secs]
2020-10-29T11:34:30.095+0800: [GC (Allocation Failure)  366149K->168319K(1013632K), 0.0119904 secs]
2020-10-29T11:34:30.146+0800: [GC (Allocation Failure)  447935K->245280K(1013632K), 0.0269629 secs]
2020-10-29T11:34:30.210+0800: [GC (Allocation Failure)  524896K->324403K(1013632K), 0.0262167 secs]
2020-10-29T11:34:30.275+0800: [GC (Allocation Failure)  604019K->402757K(1013632K), 0.0268269 secs]
2020-10-29T11:34:30.302+0800: [GC (CMS Initial Mark)  403502K(1013632K), 0.0005216 secs]
2020-10-29T11:34:30.342+0800: [GC (Allocation Failure)  682373K->480089K(1013632K), 0.0283789 secs]
2020-10-29T11:34:30.407+0800: [GC (Allocation Failure)  759705K->557878K(1013632K), 0.0292204 secs]
2020-10-29T11:34:30.471+0800: [GC (Allocation Failure)  837494K->640167K(1013632K), 0.0299316 secs]
2020-10-29T11:34:30.539+0800: [GC (Allocation Failure)  919783K->717987K(1013632K), 0.0296208 secs]
2020-10-29T11:34:30.568+0800: [GC (CMS Final Remark)  718131K(1013632K), 0.0010363 secs]
2020-10-29T11:34:30.610+0800: [GC (Allocation Failure)  869345K->669514K(1013632K), 0.0142769 secs]
2020-10-29T11:34:30.624+0800: [GC (CMS Initial Mark)  675224K(1013632K), 0.0002758 secs]
2020-10-29T11:34:30.663+0800: [Full GC (Allocation Failure)  949130K->354528K(1013632K), 0.0417114 secs]
2020-10-29T11:34:30.742+0800: [GC (Allocation Failure)  634144K->442784K(1013632K), 0.0104902 secs]
2020-10-29T11:34:30.753+0800: [GC (CMS Initial Mark)  442980K(1013632K), 0.0002332 secs]
2020-10-29T11:34:30.790+0800: [GC (Allocation Failure)  722400K->516501K(1013632K), 0.0122948 secs]
2020-10-29T11:34:30.841+0800: [GC (Allocation Failure)  796117K->591699K(1013632K), 0.0126044 secs]
2020-10-29T11:34:30.891+0800: [GC (Allocation Failure)  871315K->675799K(1013632K), 0.0134852 secs]
2020-10-29T11:34:30.942+0800: [Full GC (Allocation Failure)  955415K->374264K(1013632K), 0.0430634 secs]
执行结束!共生成对象次数:16730
