正在执行...
2020-10-29T11:34:24.005+0800: [GC (Allocation Failure)  33280K->11227K(125952K), 0.0016607 secs]
2020-10-29T11:34:24.016+0800: [GC (Allocation Failure)  44291K->25724K(125952K), 0.0020657 secs]
2020-10-29T11:34:24.026+0800: [GC (Allocation Failure)  58981K->37151K(125952K), 0.0022794 secs]
2020-10-29T11:34:24.034+0800: [GC (Allocation Failure)  70276K->48504K(125952K), 0.0023163 secs]
2020-10-29T11:34:24.041+0800: [GC (Allocation Failure)  81784K->63144K(125952K), 0.0020691 secs]
2020-10-29T11:34:24.048+0800: [GC (Allocation Failure)  96424K->74479K(107520K), 0.0020785 secs]
2020-10-29T11:34:24.053+0800: [GC (Allocation Failure)  88747K->79542K(116736K), 0.0013592 secs]
2020-10-29T11:34:24.054+0800: [Full GC (Ergonomics)  79542K->72530K(116736K), 0.0097183 secs]
2020-10-29T11:34:24.066+0800: [GC (Allocation Failure)  87302K->78536K(116736K), 0.0008165 secs]
2020-10-29T11:34:24.067+0800: [Full GC (Ergonomics)  78536K->75521K(116736K), 0.0069907 secs]
2020-10-29T11:34:24.076+0800: [Full GC (Ergonomics)  90002K->77362K(116736K), 0.0093165 secs]
2020-10-29T11:34:24.088+0800: [Full GC (Ergonomics)  92138K->80781K(116736K), 0.0072491 secs]
2020-10-29T11:34:24.099+0800: [Full GC (Ergonomics)  95384K->83221K(116736K), 0.0079520 secs]
2020-10-29T11:34:24.109+0800: [Full GC (Ergonomics)  97753K->88196K(116736K), 0.0097044 secs]
2020-10-29T11:34:24.121+0800: [Full GC (Ergonomics)  102361K->91093K(116736K), 0.0081358 secs]
2020-10-29T11:34:24.131+0800: [Full GC (Ergonomics)  102221K->95089K(116736K), 0.0059193 secs]
2020-10-29T11:34:24.138+0800: [Full GC (Ergonomics)  101674K->97232K(116736K), 0.0089460 secs]
2020-10-29T11:34:24.148+0800: [Full GC (Ergonomics)  101897K->99267K(116736K), 0.0027155 secs]
2020-10-29T11:34:24.151+0800: [Full GC (Ergonomics)  101875K->99772K(116736K), 0.0089797 secs]
2020-10-29T11:34:24.160+0800: [Full GC (Ergonomics)  101875K->100181K(116736K), 0.0097897 secs]
2020-10-29T11:34:24.171+0800: [Full GC (Ergonomics)  101465K->100251K(116736K), 0.0084335 secs]
2020-10-29T11:34:24.180+0800: [Full GC (Ergonomics)  102236K->100557K(116736K), 0.0033444 secs]
2020-10-29T11:34:24.184+0800: [Full GC (Ergonomics)  101997K->100555K(116736K), 0.0026069 secs]
2020-10-29T11:34:24.186+0800: [Full GC (Ergonomics)  101590K->101029K(116736K), 0.0046812 secs]
2020-10-29T11:34:24.191+0800: [Full GC (Ergonomics)  102073K->101599K(116736K), 0.0068454 secs]
2020-10-29T11:34:24.198+0800: [Full GC (Ergonomics)  102064K->101906K(116736K), 0.0017824 secs]
2020-10-29T11:34:24.200+0800: [Full GC (Ergonomics)  102056K->101969K(116736K), 0.0017508 secs]
2020-10-29T11:34:24.202+0800: [Full GC (Ergonomics)  102243K->101712K(116736K), 0.0047074 secs]
2020-10-29T11:34:24.207+0800: [Full GC (Ergonomics)  102377K->102195K(116736K), 0.0017588 secs]
2020-10-29T11:34:24.209+0800: [Full GC (Allocation Failure)  102195K->102176K(116736K), 0.0088531 secs]
