正在执行...
2020-10-29T11:34:24.315+0800: [GC (Allocation Failure)  131584K->43325K(502784K), 0.0043443 secs]
2020-10-29T11:34:24.339+0800: [GC (Allocation Failure)  174909K->85832K(502784K), 0.0056531 secs]
2020-10-29T11:34:24.363+0800: [GC (Allocation Failure)  217416K->129206K(502784K), 0.0056311 secs]
2020-10-29T11:34:24.390+0800: [GC (Allocation Failure)  260790K->163362K(502784K), 0.0048762 secs]
2020-10-29T11:34:24.414+0800: [GC (Allocation Failure)  294946K->204047K(502784K), 0.0059677 secs]
2020-10-29T11:34:24.440+0800: [GC (Allocation Failure)  335498K->248487K(430080K), 0.0059098 secs]
2020-10-29T11:34:24.454+0800: [GC (Allocation Failure)  307367K->271129K(466432K), 0.0040056 secs]
2020-10-29T11:34:24.467+0800: [GC (Allocation Failure)  329497K->288385K(466432K), 0.0048957 secs]
2020-10-29T11:34:24.480+0800: [GC (Allocation Failure)  347220K->302965K(466432K), 0.0058028 secs]
2020-10-29T11:34:24.494+0800: [GC (Allocation Failure)  361845K->322818K(466432K), 0.0063494 secs]
2020-10-29T11:34:24.508+0800: [GC (Allocation Failure)  381698K->338108K(466432K), 0.0048691 secs]
2020-10-29T11:34:24.513+0800: [Full GC (Ergonomics)  338108K->237955K(466432K), 0.0302338 secs]
2020-10-29T11:34:24.551+0800: [GC (Allocation Failure)  296835K->258888K(466432K), 0.0021380 secs]
2020-10-29T11:34:24.562+0800: [GC (Allocation Failure)  317520K->281572K(466432K), 0.0040997 secs]
2020-10-29T11:34:24.575+0800: [GC (Allocation Failure)  340423K->302050K(466432K), 0.0041516 secs]
2020-10-29T11:34:24.587+0800: [GC (Allocation Failure)  360930K->319051K(466432K), 0.0032271 secs]
2020-10-29T11:34:24.590+0800: [Full GC (Ergonomics)  319051K->263646K(466432K), 0.0188905 secs]
2020-10-29T11:34:24.617+0800: [GC (Allocation Failure)  322526K->286860K(466432K), 0.0023858 secs]
2020-10-29T11:34:24.628+0800: [GC (Allocation Failure)  345569K->303966K(466432K), 0.0034351 secs]
2020-10-29T11:34:24.640+0800: [GC (Allocation Failure)  362846K->320106K(466432K), 0.0030188 secs]
2020-10-29T11:34:24.651+0800: [GC (Allocation Failure)  378905K->342359K(466432K), 0.0035943 secs]
2020-10-29T11:34:24.654+0800: [Full GC (Ergonomics)  342359K->291968K(466432K), 0.0205753 secs]
2020-10-29T11:34:24.682+0800: [GC (Allocation Failure)  350667K->312470K(466432K), 0.0022059 secs]
2020-10-29T11:34:24.693+0800: [GC (Allocation Failure)  371262K->333796K(466432K), 0.0044196 secs]
2020-10-29T11:34:24.705+0800: [GC (Allocation Failure)  392582K->354719K(466432K), 0.0042874 secs]
2020-10-29T11:34:24.710+0800: [Full GC (Ergonomics)  354719K->306014K(466432K), 0.0217768 secs]
2020-10-29T11:34:24.739+0800: [GC (Allocation Failure)  364894K->327055K(466432K), 0.0021056 secs]
2020-10-29T11:34:24.749+0800: [GC (Allocation Failure)  385935K->346932K(466432K), 0.0035193 secs]
2020-10-29T11:34:24.753+0800: [Full GC (Ergonomics)  346932K->311876K(466432K), 0.0216817 secs]
2020-10-29T11:34:24.782+0800: [GC (Allocation Failure)  370462K->335870K(466432K), 0.0024215 secs]
2020-10-29T11:34:24.793+0800: [GC (Allocation Failure)  394673K->351913K(466432K), 0.0040942 secs]
2020-10-29T11:34:24.797+0800: [Full GC (Ergonomics)  351913K->318636K(466432K), 0.0221631 secs]
2020-10-29T11:34:24.827+0800: [Full GC (Ergonomics)  377516K->318217K(466432K), 0.0237455 secs]
2020-10-29T11:34:24.859+0800: [Full GC (Ergonomics)  377097K->318946K(466432K), 0.0233760 secs]
2020-10-29T11:34:24.890+0800: [Full GC (Ergonomics)  377826K->323593K(466432K), 0.0239547 secs]
2020-10-29T11:34:24.922+0800: [Full GC (Ergonomics)  382473K->326496K(466432K), 0.0232674 secs]
2020-10-29T11:34:24.953+0800: [Full GC (Ergonomics)  385303K->331083K(466432K), 0.0227857 secs]
2020-10-29T11:34:24.984+0800: [Full GC (Ergonomics)  389963K->336750K(466432K), 0.0247762 secs]
2020-10-29T11:34:25.017+0800: [Full GC (Ergonomics)  395630K->338614K(466432K), 0.0244267 secs]
2020-10-29T11:34:25.050+0800: [Full GC (Ergonomics)  397494K->341304K(466432K), 0.0234512 secs]
2020-10-29T11:34:25.081+0800: [Full GC (Ergonomics)  399989K->336250K(466432K), 0.0239139 secs]
2020-10-29T11:34:25.112+0800: [Full GC (Ergonomics)  394821K->335693K(466432K), 0.0251422 secs]
2020-10-29T11:34:25.146+0800: [Full GC (Ergonomics)  394573K->339717K(466432K), 0.0239543 secs]
2020-10-29T11:34:25.178+0800: [Full GC (Ergonomics)  398385K->342505K(466432K), 0.0253439 secs]
2020-10-29T11:34:25.211+0800: [Full GC (Ergonomics)  401370K->342821K(466432K), 0.0251615 secs]
2020-10-29T11:34:25.244+0800: [Full GC (Ergonomics)  401701K->346443K(466432K), 0.0229925 secs]
执行结束!共生成对象次数:10589
