正在执行...
2020-10-29T03:16:07.570+0800: [GC (Allocation Failure)  524800K->140424K(2010112K), 0.0118442 secs]
2020-10-29T03:16:07.650+0800: [GC (Allocation Failure)  665224K->262183K(2010112K), 0.0195275 secs]
2020-10-29T03:16:07.737+0800: [GC (Allocation Failure)  786983K->375271K(2010112K), 0.0159594 secs]
2020-10-29T03:16:07.822+0800: [GC (Allocation Failure)  900071K->479765K(2010112K), 0.0147350 secs]
2020-10-29T03:16:07.907+0800: [GC (Allocation Failure)  1004565K->589843K(2010112K), 0.0153239 secs]
2020-10-29T03:16:07.993+0800: [GC (Allocation Failure)  1114643K->695129K(1735680K), 0.0149800 secs]
2020-10-29T03:16:08.041+0800: [GC (Allocation Failure)  945497K->753491K(1789952K), 0.0108940 secs]
2020-10-29T03:16:08.084+0800: [GC (Allocation Failure)  1003859K->809253K(1870848K), 0.0142004 secs]
2020-10-29T03:16:08.128+0800: [GC (Allocation Failure)  1051941K->852309K(1867264K), 0.0163934 secs]
2020-10-29T03:16:08.175+0800: [GC (Allocation Failure)  1094997K->887232K(1862656K), 0.0169804 secs]
2020-10-29T03:16:08.224+0800: [GC (Allocation Failure)  1123264K->926078K(1709056K), 0.0135719 secs]
2020-10-29T03:16:08.267+0800: [GC (Allocation Failure)  1162110K->988412K(1864192K), 0.0113614 secs]
2020-10-29T03:16:08.309+0800: [GC (Allocation Failure)  1221372K->1049667K(1864192K), 0.0109285 secs]
2020-10-29T03:16:08.350+0800: [GC (Allocation Failure)  1282627K->1111052K(1864192K), 0.0110923 secs]
2020-10-29T03:16:08.391+0800: [GC (Allocation Failure)  1344012K->1169749K(1864192K), 0.0113813 secs]
执行结束!共生成对象次数:20044
